Archive member included to satisfy reference by file (symbol)

c:/program files (x86)/gnu tools arm embedded/5.2 2015q4/bin/../lib/gcc/arm-none-eabi/5.2.1/armv7e-m\libgcc.a(_arm_addsubdf3.o)
                              ..\obj\tm_stm32f4_fatfs.o (__aeabi_ui2d)
c:/program files (x86)/gnu tools arm embedded/5.2 2015q4/bin/../lib/gcc/arm-none-eabi/5.2.1/armv7e-m\libgcc.a(_arm_muldivdf3.o)
                              ..\obj\tm_stm32f4_fatfs.o (__aeabi_dmul)
c:/program files (x86)/gnu tools arm embedded/5.2 2015q4/bin/../lib/gcc/arm-none-eabi/5.2.1/armv7e-m\libgcc.a(_arm_fixunsdfsi.o)
                              ..\obj\tm_stm32f4_fatfs.o (__aeabi_d2uiz)
c:/program files (x86)/gnu tools arm embedded/5.2 2015q4/bin/../lib/gcc/arm-none-eabi/5.2.1/../../../../arm-none-eabi/lib/armv7e-m\libg.a(lib_a-malloc.o)
                              ..\obj\tm_stm32f4_fatfs.o (malloc)
c:/program files (x86)/gnu tools arm embedded/5.2 2015q4/bin/../lib/gcc/arm-none-eabi/5.2.1/../../../../arm-none-eabi/lib/armv7e-m\libg.a(lib_a-mallocr.o)
                              c:/program files (x86)/gnu tools arm embedded/5.2 2015q4/bin/../lib/gcc/arm-none-eabi/5.2.1/../../../../arm-none-eabi/lib/armv7e-m\libg.a(lib_a-malloc.o) (_malloc_r)
c:/program files (x86)/gnu tools arm embedded/5.2 2015q4/bin/../lib/gcc/arm-none-eabi/5.2.1/../../../../arm-none-eabi/lib/armv7e-m\libg.a(lib_a-memcpy.o)
                              ..\obj\fatfs_sd_sdio.o (memcpy)
c:/program files (x86)/gnu tools arm embedded/5.2 2015q4/bin/../lib/gcc/arm-none-eabi/5.2.1/../../../../arm-none-eabi/lib/armv7e-m\libg.a(lib_a-memset.o)
                              ..\obj\fatfs_sd_sdio.o (memset)
c:/program files (x86)/gnu tools arm embedded/5.2 2015q4/bin/../lib/gcc/arm-none-eabi/5.2.1/../../../../arm-none-eabi/lib/armv7e-m\libg.a(lib_a-mlock.o)
                              c:/program files (x86)/gnu tools arm embedded/5.2 2015q4/bin/../lib/gcc/arm-none-eabi/5.2.1/../../../../arm-none-eabi/lib/armv7e-m\libg.a(lib_a-mallocr.o) (__malloc_lock)
c:/program files (x86)/gnu tools arm embedded/5.2 2015q4/bin/../lib/gcc/arm-none-eabi/5.2.1/../../../../arm-none-eabi/lib/armv7e-m\libg.a(lib_a-sbrkr.o)
                              c:/program files (x86)/gnu tools arm embedded/5.2 2015q4/bin/../lib/gcc/arm-none-eabi/5.2.1/../../../../arm-none-eabi/lib/armv7e-m\libg.a(lib_a-mallocr.o) (_sbrk_r)
c:/program files (x86)/gnu tools arm embedded/5.2 2015q4/bin/../lib/gcc/arm-none-eabi/5.2.1/../../../../arm-none-eabi/lib/armv7e-m\libg.a(lib_a-sprintf.o)
                              ..\obj\tm_stm32f4_fatfs.o (sprintf)
c:/program files (x86)/gnu tools arm embedded/5.2 2015q4/bin/../lib/gcc/arm-none-eabi/5.2.1/../../../../arm-none-eabi/lib/armv7e-m\libg.a(lib_a-strcpy.o)
                              ..\obj\tm_stm32f4_fatfs.o (strcpy)
c:/program files (x86)/gnu tools arm embedded/5.2 2015q4/bin/../lib/gcc/arm-none-eabi/5.2.1/../../../../arm-none-eabi/lib/armv7e-m\libg.a(lib_a-strlen.o)
                              ..\obj\tm_stm32f4_fatfs.o (strlen)
c:/program files (x86)/gnu tools arm embedded/5.2 2015q4/bin/../lib/gcc/arm-none-eabi/5.2.1/../../../../arm-none-eabi/lib/armv7e-m\libg.a(lib_a-svfprintf.o)
                              c:/program files (x86)/gnu tools arm embedded/5.2 2015q4/bin/../lib/gcc/arm-none-eabi/5.2.1/../../../../arm-none-eabi/lib/armv7e-m\libg.a(lib_a-sprintf.o) (_svfprintf_r)
c:/program files (x86)/gnu tools arm embedded/5.2 2015q4/bin/../lib/gcc/arm-none-eabi/5.2.1/../../../../arm-none-eabi/lib/armv7e-m\libg.a(lib_a-dtoa.o)
                              c:/program files (x86)/gnu tools arm embedded/5.2 2015q4/bin/../lib/gcc/arm-none-eabi/5.2.1/../../../../arm-none-eabi/lib/armv7e-m\libg.a(lib_a-svfprintf.o) (_dtoa_r)
c:/program files (x86)/gnu tools arm embedded/5.2 2015q4/bin/../lib/gcc/arm-none-eabi/5.2.1/../../../../arm-none-eabi/lib/armv7e-m\libg.a(lib_a-freer.o)
                              c:/program files (x86)/gnu tools arm embedded/5.2 2015q4/bin/../lib/gcc/arm-none-eabi/5.2.1/../../../../arm-none-eabi/lib/armv7e-m\libg.a(lib_a-malloc.o) (_free_r)
c:/program files (x86)/gnu tools arm embedded/5.2 2015q4/bin/../lib/gcc/arm-none-eabi/5.2.1/../../../../arm-none-eabi/lib/armv7e-m\libg.a(lib_a-impure.o)
                              c:/program files (x86)/gnu tools arm embedded/5.2 2015q4/bin/../lib/gcc/arm-none-eabi/5.2.1/../../../../arm-none-eabi/lib/armv7e-m\libg.a(lib_a-malloc.o) (_impure_ptr)
c:/program files (x86)/gnu tools arm embedded/5.2 2015q4/bin/../lib/gcc/arm-none-eabi/5.2.1/../../../../arm-none-eabi/lib/armv7e-m\libg.a(lib_a-locale.o)
                              c:/program files (x86)/gnu tools arm embedded/5.2 2015q4/bin/../lib/gcc/arm-none-eabi/5.2.1/../../../../arm-none-eabi/lib/armv7e-m\libg.a(lib_a-svfprintf.o) (_localeconv_r)
c:/program files (x86)/gnu tools arm embedded/5.2 2015q4/bin/../lib/gcc/arm-none-eabi/5.2.1/../../../../arm-none-eabi/lib/armv7e-m\libg.a(lib_a-memchr.o)
[...]
Memory Configuration

Name             Origin             Length             Attributes
rom              0x08000000         0x00100000         xr
ram              0x20000000         0x00020000         xrw
ram1             0x10000000         0x00010000         xrw
*default*        0x00000000         0xffffffff

Linker script and memory map

                0x20020000                _eram = 0x20020000

.text           0x08000000     0x69c0
 *(.isr_vector)
 .isr_vector    0x08000000      0x188 ..\obj\startup_stm32f4xx.o
                0x08000000                g_pfnVectors
 *(.text*)
 .text.TM_FATFS_CheckCardDetectPin
                0x08000188       0x18 ..\obj\tm_stm32f4_fatfs.o
                0x08000188                TM_FATFS_CheckCardDetectPin
 .text.ff_convert
                0x080001a0       0x74 ..\obj\unicode.o
                0x080001a0                ff_convert
 .text.ff_wtoupper
                0x08000214       0x5c ..\obj\unicode.o
                0x08000214                ff_wtoupper
 .text.SDIO_DeInit
                0x08000270       0x1c ..\obj\stm32f4xx_sdio.o
                0x08000270                SDIO_DeInit
 .text.SDIO_Init
                0x0800028c       0x5c ..\obj\stm32f4xx_sdio.o
                0x0800028c                SDIO_Init
 .text.SDIO_ClockCmd
                0x080002e8       0x20 ..\obj\stm32f4xx_sdio.o
                0x080002e8                SDIO_ClockCmd
 .text.SDIO_SetPowerState
                0x08000308       0x1c ..\obj\stm32f4xx_sdio.o
                0x08000308                SDIO_SetPowerState
 .text.SDIO_GetPowerState
                0x08000324       0x18 ..\obj\stm32f4xx_sdio.o
                0x08000324                SDIO_GetPowerState
 .text.SDIO_SendCommand
                0x0800033c       0x58 ..\obj\stm32f4xx_sdio.o
                0x0800033c                SDIO_SendCommand
 .text.SDIO_GetCommandResponse
                0x08000394       0x18 ..\obj\stm32f4xx_sdio.o
                0x08000394                SDIO_GetCommandResponse
 .text.SDIO_GetResponse
                0x080003ac       0x28 ..\obj\stm32f4xx_sdio.o
                0x080003ac                SDIO_GetResponse
 .text.SDIO_DataConfig
                0x080003d4       0x5c ..\obj\stm32f4xx_sdio.o
                0x080003d4                SDIO_DataConfig
 .text.SDIO_ReadData
                0x08000430       0x18 ..\obj\stm32f4xx_sdio.o
                0x08000430                SDIO_ReadData
 .text.SDIO_DMACmd
                0x08000448       0x20 ..\obj\stm32f4xx_sdio.o
                0x08000448                SDIO_DMACmd
 .text.SDIO_GetFlagStatus
                0x08000468       0x34 ..\obj\stm32f4xx_sdio.o
                0x08000468                SDIO_GetFlagStatus
 .text.SDIO_GetITStatus
                0x0800049c       0x34 ..\obj\stm32f4xx_sdio.o
                0x0800049c                SDIO_GetITStatus
 .text.SDIO_ClearITPendingBit
                0x080004d0       0x1c ..\obj\stm32f4xx_sdio.o
                0x080004d0                SDIO_ClearITPendingBit
 .text.TM_DISCO_LedInit
                0x080004ec       0x30 ..\obj\tm_stm32f4_disco.o
                0x080004ec                TM_DISCO_LedInit
 .text.disk_initialize
                0x0800051c       0x44 ..\obj\diskio.o
                0x0800051c                disk_initialize
 .text.disk_status
                0x08000560       0x48 ..\obj\diskio.o
                0x08000560                disk_status
 .text.disk_read
                0x080005a8       0x5c ..\obj\diskio.o
                0x080005a8                disk_read
 .text.disk_write
                0x08000604       0x5c ..\obj\diskio.o
                0x08000604                disk_write
 .text.disk_ioctl
                0x08000660       0x54 ..\obj\diskio.o
                0x08000660                disk_ioctl
 .text.get_fattime
                0x080006b4       0x14 ..\obj\diskio.o
                0x080006b4                get_fattime
 .text.TM_FATFS_USB_disk_initialize
                0x080006c8       0x10 ..\obj\diskio.o
                0x080006c8                TM_FATFS_USB_disk_initialize
 .text.TM_FATFS_SDRAM_disk_initialize
                0x080006d8       0x10 ..\obj\diskio.o
                0x080006d8                TM_FATFS_SDRAM_disk_initialize
 .text.TM_FATFS_SPI_FLASH_disk_initialize
                0x080006e8       0x10 ..\obj\diskio.o
                0x080006e8                TM_FATFS_SPI_FLASH_disk_initialize
 .text.TM_FATFS_USB_disk_status
                0x080006f8       0x10 ..\obj\diskio.o
                0x080006f8                TM_FATFS_USB_disk_status
 .text.TM_FATFS_SDRAM_disk_status
                0x08000708       0x10 ..\obj\diskio.o
                0x08000708                TM_FATFS_SDRAM_disk_status
 .text.TM_FATFS_SPI_FLASH_disk_status
                0x08000718       0x10 ..\obj\diskio.o
                0x08000718                TM_FATFS_SPI_FLASH_disk_status
 .text.TM_FATFS_USB_disk_ioctl
                0x08000728       0x18 ..\obj\diskio.o
                0x08000728                TM_FATFS_USB_disk_ioctl
 .text.TM_FATFS_SDRAM_disk_ioctl
                0x08000740       0x18 ..\obj\diskio.o
                0x08000740                TM_FATFS_SDRAM_disk_ioctl
 .text.TM_FATFS_SPI_FLASH_disk_ioctl
                0x08000758       0x18 ..\obj\diskio.o
                0x08000758                TM_FATFS_SPI_FLASH_disk_ioctl
 .text.TM_FATFS_USB_disk_read
                0x08000770       0x18 ..\obj\diskio.o
                0x08000770                TM_FATFS_USB_disk_read
 .text.TM_FATFS_SDRAM_disk_read
                0x08000788       0x18 ..\obj\diskio.o
                0x08000788                TM_FATFS_SDRAM_disk_read
 .text.TM_FATFS_SPI_FLASH_disk_read
                0x080007a0       0x18 ..\obj\diskio.o
                0x080007a0                TM_FATFS_SPI_FLASH_disk_read
 .text.TM_FATFS_USB_disk_write
                0x080007b8       0x18 ..\obj\diskio.o
                0x080007b8                TM_FATFS_USB_disk_write
 .text.TM_FATFS_SDRAM_disk_write
                0x080007d0       0x18 ..\obj\diskio.o
                0x080007d0                TM_FATFS_SDRAM_disk_write
 .text.TM_FATFS_SPI_FLASH_disk_write
                0x080007e8       0x18 ..\obj\diskio.o
                0x080007e8                TM_FATFS_SPI_FLASH_disk_write
 .text.Default_Reset_Handler
                0x08000800       0x5c ..\obj\startup_stm32f4xx.o
                0x08000800                Default_Reset_Handler
                0x08000800                Reset_Handler
 .text.Default_Handler
                0x0800085c        0x8 ..\obj\startup_stm32f4xx.o
                0x0800085c                RTC_Alarm_IRQHandler
                0x0800085c                HASH_RNG_IRQHandler
                0x0800085c                EXTI2_IRQHandler
                0x0800085c                TIM8_CC_IRQHandler
                0x0800085c                DebugMon_Handler
                0x0800085c                TIM1_CC_IRQHandler
                0x0800085c                DMA2_Stream5_IRQHandler
                0x0800085c                HardFault_Handler
                0x0800085c                DMA1_Stream5_IRQHandler
                0x0800085c                PVD_IRQHandler
                0x0800085c                TAMP_STAMP_IRQHandler
                0x0800085c                PendSV_Handler
                0x0800085c                NMI_Handler
                0x0800085c                CAN2_RX1_IRQHandler
                0x0800085c                EXTI3_IRQHandler
                0x0800085c                TIM8_TRG_COM_TIM14_IRQHandler
                0x0800085c                TIM1_UP_TIM10_IRQHandler
                0x0800085c                TIM8_UP_TIM13_IRQHandler
                0x0800085c                I2C3_ER_IRQHandler
                0x0800085c                EXTI0_IRQHandler
                0x0800085c                I2C2_EV_IRQHandler
                0x0800085c                DMA1_Stream2_IRQHandler
                0x0800085c                CAN1_RX0_IRQHandler
                0x0800085c                FPU_IRQHandler
                0x0800085c                OTG_HS_WKUP_IRQHandler
                0x0800085c                UsageFault_Handler
                0x0800085c                CAN2_SCE_IRQHandler
                0x0800085c                DMA2_Stream2_IRQHandler
                0x0800085c                SPI1_IRQHandler
                0x0800085c                TIM6_DAC_IRQHandler
                0x0800085c                TIM1_BRK_TIM9_IRQHandler
                0x0800085c                DCMI_IRQHandler
                0x0800085c                CAN2_RX0_IRQHandler
                0x0800085c                USART6_IRQHandler
                0x0800085c                USART3_IRQHandler
                0x0800085c                CRYP_IRQHandler
                0x0800085c                CAN1_RX1_IRQHandler
                0x0800085c                UART5_IRQHandler
                0x0800085c                DMA2_Stream0_IRQHandler
                0x0800085c                TIM4_IRQHandler
                0x0800085c                I2C1_EV_IRQHandler
                0x0800085c                DMA1_Stream6_IRQHandler
                0x0800085c                DMA1_Stream1_IRQHandler
                0x0800085c                UART4_IRQHandler
                0x0800085c                TIM3_IRQHandler
                0x0800085c                RCC_IRQHandler
                0x0800085c                TIM8_BRK_TIM12_IRQHandler
                0x0800085c                EXTI15_10_IRQHandler
                0x0800085c                ADC_IRQHandler
                0x0800085c                DMA1_Stream7_IRQHandler
                0x0800085c                TIM7_IRQHandler
                0x0800085c                CAN2_TX_IRQHandler
                0x0800085c                TIM5_IRQHandler
                0x0800085c                DMA2_Stream7_IRQHandler
                0x0800085c                I2C3_EV_IRQHandler
                0x0800085c                EXTI9_5_IRQHandler
                0x0800085c                RTC_WKUP_IRQHandler
                0x0800085c                ETH_WKUP_IRQHandler
                0x0800085c                SPI2_IRQHandler
                0x0800085c                OTG_HS_EP1_IN_IRQHandler
                0x0800085c                MemManage_Handler
                0x0800085c                DMA1_Stream0_IRQHandler
                0x0800085c                CAN1_TX_IRQHandler
                0x0800085c                SVC_Handler
                0x0800085c                EXTI4_IRQHandler
                0x0800085c                FSMC_IRQHandler
                0x0800085c                ETH_IRQHandler
                0x0800085c                OTG_HS_EP1_OUT_IRQHandler
                0x0800085c                WWDG_IRQHandler
                0x0800085c                TIM2_IRQHandler
                0x0800085c                OTG_FS_WKUP_IRQHandler
                0x0800085c                TIM1_TRG_COM_TIM11_IRQHandler
                0x0800085c                OTG_HS_IRQHandler
                0x0800085c                EXTI1_IRQHandler
                0x0800085c                USART2_IRQHandler
                0x0800085c                I2C2_ER_IRQHandler
                0x0800085c                DMA2_Stream1_IRQHandler
                0x0800085c                CAN1_SCE_IRQHandler
                0x0800085c                FLASH_IRQHandler
                0x0800085c                DMA2_Stream4_IRQHandler
                0x0800085c                BusFault_Handler
                0x0800085c                USART1_IRQHandler
                0x0800085c                OTG_FS_IRQHandler
                0x0800085c                SPI3_IRQHandler
                0x0800085c                DMA1_Stream4_IRQHandler
                0x0800085c                I2C1_ER_IRQHandler
                0x0800085c                DMA2_Stream6_IRQHandler
                0x0800085c                DMA1_Stream3_IRQHandler
 .text.main     0x08000864       0x8c ..\obj\main.o
                0x08000864                main
 .text.RCC_APB2PeriphResetCmd
                0x080008f0       0x3c ..\obj\stm32f4xx_rcc.o
                0x080008f0                RCC_APB2PeriphResetCmd
 .text.NVIC_SetPriority
                0x0800092c       0x54 ..\obj\tm_stm32f4_delay.o
 .text.SysTick_Config
                0x08000980       0x44 ..\obj\tm_stm32f4_delay.o
 .text.SysTick_Handler
                0x080009c4       0xf0 ..\obj\tm_stm32f4_delay.o
                0x080009c4                SysTick_Handler
 .text.TM_DELAY_Init
                0x08000ab4       0x50 ..\obj\tm_stm32f4_delay.o
                0x08000ab4                TM_DELAY_Init
 .text.ff_memalloc
                0x08000b04       0x18 ..\obj\syscall.o
                0x08000b04                ff_memalloc
 .text.ff_memfree
                0x08000b1c       0x18 ..\obj\syscall.o
                0x08000b1c                ff_memfree
 .text.TM_FATFS_SDIO_WriteEnabled
                0x08000b34       0x10 ..\obj\fatfs_sd_sdio.o
                0x08000b34                TM_FATFS_SDIO_WriteEnabled
 .text.TM_FATFS_SD_SDIO_disk_initialize
                0x08000b44       0xa8 ..\obj\fatfs_sd_sdio.o
                0x08000b44                TM_FATFS_SD_SDIO_disk_initialize
 .text.TM_FATFS_SD_SDIO_disk_status
                0x08000bec       0x4c ..\obj\fatfs_sd_sdio.o
                0x08000bec                TM_FATFS_SD_SDIO_disk_status
 .text.TM_FATFS_SD_SDIO_disk_read
                0x08000c38      0x120 ..\obj\fatfs_sd_sdio.o
                0x08000c38                TM_FATFS_SD_SDIO_disk_read
 .text.TM_FATFS_SD_SDIO_disk_write
                0x08000d58      0x128 ..\obj\fatfs_sd_sdio.o
                0x08000d58                TM_FATFS_SD_SDIO_disk_write
 .text.TM_FATFS_SD_SDIO_disk_ioctl
                0x08000e80       0x4c ..\obj\fatfs_sd_sdio.o
                0x08000e80                TM_FATFS_SD_SDIO_disk_ioctl
 .text.SDIO_IRQHandler
                0x08000ecc        0xc ..\obj\fatfs_sd_sdio.o
                0x08000ecc                SDIO_IRQHandler
 .text.DMA2_Stream3_IRQHandler
                0x08000ed8        0xc ..\obj\fatfs_sd_sdio.o
                0x08000ed8                DMA2_Stream3_IRQHandler
 .text.SD_Init  0x08000ee4       0xb8 ..\obj\fatfs_sd_sdio.o
                0x08000ee4                SD_Init
 .text.SD_GetStatus
                0x08000f9c       0x30 ..\obj\fatfs_sd_sdio.o
                0x08000f9c                SD_GetStatus
 .text.SD_GetState
                0x08000fcc       0x40 ..\obj\fatfs_sd_sdio.o
                0x08000fcc                SD_GetState
 .text.SD_Detect
                0x0800100c       0x24 ..\obj\fatfs_sd_sdio.o
                0x0800100c                SD_Detect
 .text.SD_PowerON
                0x08001030      0x22c ..\obj\fatfs_sd_sdio.o
                0x08001030                SD_PowerON
 .text.SD_InitializeCards
                0x0800125c      0x188 ..\obj\fatfs_sd_sdio.o
                0x0800125c                SD_InitializeCards
 .text.SD_GetCardInfo
                0x080013e4      0x580 ..\obj\fatfs_sd_sdio.o
                0x080013e4                SD_GetCardInfo
 .text.SD_EnableWideBusOperation
                0x08001964       0xd8 ..\obj\fatfs_sd_sdio.o
                0x08001964                SD_EnableWideBusOperation
 .text.SD_SelectDeselect
                0x08001a3c       0x4c ..\obj\fatfs_sd_sdio.o
                0x08001a3c                SD_SelectDeselect
 .text.SD_ReadMultiBlocks
                0x08001a88      0x138 ..\obj\fatfs_sd_sdio.o
                0x08001a88                SD_ReadMultiBlocks
 .text.SD_WaitReadOperation
                0x08001bc0       0xbc ..\obj\fatfs_sd_sdio.o
                0x08001bc0                SD_WaitReadOperation
 .text.SD_WriteMultiBlocks
                0x08001c7c      0x1b4 ..\obj\fatfs_sd_sdio.o
                0x08001c7c                SD_WriteMultiBlocks
 .text.SD_WaitWriteOperation
                0x08001e30       0xbc ..\obj\fatfs_sd_sdio.o
                0x08001e30                SD_WaitWriteOperation
 .text.SD_StopTransfer
                0x08001eec       0x48 ..\obj\fatfs_sd_sdio.o
                0x08001eec                SD_StopTransfer
 .text.SD_SendStatus
                0x08001f34       0x78 ..\obj\fatfs_sd_sdio.o
                0x08001f34                SD_SendStatus
 .text.SD_ProcessIRQSrc
                0x08001fac       0xd4 ..\obj\fatfs_sd_sdio.o
                0x08001fac                SD_ProcessIRQSrc
 .text.SD_ProcessDMAIRQ
                0x08002080       0x30 ..\obj\fatfs_sd_sdio.o
                0x08002080                SD_ProcessDMAIRQ
 .text.CmdError
                0x080020b0       0x50 ..\obj\fatfs_sd_sdio.o
 .text.CmdResp7Error
                0x08002100       0x7c ..\obj\fatfs_sd_sdio.o
 .text.CmdResp1Error
                0x0800217c      0x1a4 ..\obj\fatfs_sd_sdio.o
 .text.CmdResp3Error
                0x08002320       0x54 ..\obj\fatfs_sd_sdio.o
 .text.CmdResp2Error
                0x08002374       0x6c ..\obj\fatfs_sd_sdio.o
 .text.CmdResp6Error
                0x080023e0       0xd0 ..\obj\fatfs_sd_sdio.o
 .text.SDEnWideBus
                0x080024b0      0x180 ..\obj\fatfs_sd_sdio.o
 .text.FindSCR  0x08002630      0x204 ..\obj\fatfs_sd_sdio.o
 .text.SD_LowLevel_DeInit
                0x08002834       0x58 ..\obj\fatfs_sd_sdio.o
                0x08002834                SD_LowLevel_DeInit
 .text.SD_LowLevel_Init
                0x0800288c       0x5c ..\obj\fatfs_sd_sdio.o
                0x0800288c                SD_LowLevel_Init
 .text.SD_LowLevel_DMA_TxConfig
                0x080028e8       0xa0 ..\obj\fatfs_sd_sdio.o
                0x080028e8                SD_LowLevel_DMA_TxConfig
 .text.SD_LowLevel_DMA_RxConfig
                0x08002988       0xa4 ..\obj\fatfs_sd_sdio.o
                0x08002988                SD_LowLevel_DMA_RxConfig
 .text.SystemInit
                0x08002a2c       0x5c ..\obj\system_stm32f4xx.o
                0x08002a2c                SystemInit
 .text.SetSysClock
                0x08002a88       0xf4 ..\obj\system_stm32f4xx.o
 .text._sbrk    0x08002b7c       0x3c ..\obj\syscalls.o
                0x08002b7c                _sbrk
 .text.DMA_DeInit
                0x08002bb8      0x1a4 ..\obj\stm32f4xx_dma.o
                0x08002bb8                DMA_DeInit
 .text.DMA_Init
                0x08002d5c       0xac ..\obj\stm32f4xx_dma.o
                0x08002d5c                DMA_Init
 .text.DMA_Cmd  0x08002e08       0x38 ..\obj\stm32f4xx_dma.o
                0x08002e08                DMA_Cmd
 .text.DMA_FlowControllerConfig
                0x08002e40       0x34 ..\obj\stm32f4xx_dma.o
                0x08002e40                DMA_FlowControllerConfig
 .text.DMA_ClearFlag
                0x08002e74       0x5c ..\obj\stm32f4xx_dma.o
                0x08002e74                DMA_ClearFlag
 .text.DMA_ITConfig
                0x08002ed0       0x74 ..\obj\stm32f4xx_dma.o
                0x08002ed0                DMA_ITConfig
 .text.mem_cpy  0x08002f44       0x3c ..\obj\ff.o
 .text.mem_set  0x08002f80       0x34 ..\obj\ff.o
 .text.mem_cmp  0x08002fb4       0x4c ..\obj\ff.o
 .text.chk_chr  0x08003000       0x34 ..\obj\ff.o
 .text.sync_window
                0x08003034       0x88 ..\obj\ff.o
 .text.move_window
                0x080030bc       0x5c ..\obj\ff.o
 .text.sync_fs  0x08003118      0x13c ..\obj\ff.o
 .text.clust2sect
                0x08003254       0x3c ..\obj\ff.o
                0x08003254                clust2sect
 .text.get_fat  0x08003290      0x174 ..\obj\ff.o
                0x08003290                get_fat
 .text.put_fat  0x08003404      0x210 ..\obj\ff.o
                0x08003404                put_fat
 .text.remove_chain
                0x08003614       0xa8 ..\obj\ff.o
 .text.create_chain
                0x080036bc      0x128 ..\obj\ff.o
 .text.dir_sdi  0x080037e4      0x100 ..\obj\ff.o
 .text.dir_next
                0x080038e4      0x1a8 ..\obj\ff.o
 .text.dir_alloc
                0x08003a8c       0x8c ..\obj\ff.o
 .text.ld_clust
                0x08003b18       0x58 ..\obj\ff.o
 .text.st_clust
                0x08003b70       0x44 ..\obj\ff.o
 .text.cmp_lfn  0x08003bb4       0xdc ..\obj\ff.o
 .text.fit_lfn  0x08003c90       0xe8 ..\obj\ff.o
 .text.gen_numname
                0x08003d78      0x11c ..\obj\ff.o
 .text.sum_sfn  0x08003e94       0x40 ..\obj\ff.o
 .text.dir_find
                0x08003ed4      0x168 ..\obj\ff.o
 .text.dir_register
                0x0800403c      0x200 ..\obj\ff.o
 .text.create_name
                0x0800423c      0x3f8 ..\obj\ff.o
 .text.follow_path
                0x08004634      0x108 ..\obj\ff.o
 .text.get_ldnumber
                0x0800473c      0x10c ..\obj\ff.o
 .text.check_fs
                0x08004848       0xd4 ..\obj\ff.o
 .text.find_volume
                0x0800491c      0x56c ..\obj\ff.o
 .text.validate
                0x08004e88       0x5c ..\obj\ff.o
 .text.f_mount  0x08004ee4       0x88 ..\obj\ff.o
                0x08004ee4                f_mount
 .text.f_open   0x08004f6c      0x29c ..\obj\ff.o
                0x08004f6c                f_open
 .text.f_read   0x08005208      0x270 ..\obj\ff.o
                0x08005208                f_read
 .text.f_sync   0x08005478      0x148 ..\obj\ff.o
                0x08005478                f_sync
 .text.f_close  0x080055c0       0x38 ..\obj\ff.o
                0x080055c0                f_close
 .text.NVIC_PriorityGroupConfig
                0x080055f8       0x24 ..\obj\misc.o
                0x080055f8                NVIC_PriorityGroupConfig
 .text.NVIC_Init
                0x0800561c       0xc0 ..\obj\misc.o
                0x0800561c                NVIC_Init
 .text.TM_GPIO_Init
                0x080056dc       0x48 ..\obj\tm_stm32f4_gpio.o
                0x080056dc                TM_GPIO_Init
 .text.TM_GPIO_InitAlternate
                0x08005724       0xa8 ..\obj\tm_stm32f4_gpio.o
                0x08005724                TM_GPIO_InitAlternate
 .text.TM_GPIO_DeInit
                0x080057cc       0x80 ..\obj\tm_stm32f4_gpio.o
                0x080057cc                TM_GPIO_DeInit
 .text.TM_GPIO_SetPullResistor
                0x0800584c       0x64 ..\obj\tm_stm32f4_gpio.o
                0x0800584c                TM_GPIO_SetPullResistor
 .text.TM_GPIO_GetPortSource
                0x080058b0       0x20 ..\obj\tm_stm32f4_gpio.o
                0x080058b0                TM_GPIO_GetPortSource
 .text.TM_GPIO_INT_EnableClock
                0x080058d0       0x30 ..\obj\tm_stm32f4_gpio.o
                0x080058d0                TM_GPIO_INT_EnableClock
 .text.TM_GPIO_INT_Init
                0x08005900      0x110 ..\obj\tm_stm32f4_gpio.o
                0x08005900                TM_GPIO_INT_Init
 .text.malloc   0x08005a10       0x10 c:/program files (x86)/gnu tools arm embedded/5.2 2015q4/bin/../lib/gcc/arm-none-eabi/5.2.1/../../../../arm-none-eabi/lib/armv7e-m\libg.a(lib_a-malloc.o)
                0x08005a10                malloc
 .text.free     0x08005a20       0x10 c:/program files (x86)/gnu tools arm embedded/5.2 2015q4/bin/../lib/gcc/arm-none-eabi/5.2.1/../../../../arm-none-eabi/lib/armv7e-m\libg.a(lib_a-malloc.o)
                0x08005a20                free
 .text._malloc_r
                0x08005a30      0x570 c:/program files (x86)/gnu tools arm embedded/5.2 2015q4/bin/../lib/gcc/arm-none-eabi/5.2.1/../../../../arm-none-eabi/lib/armv7e-m\libg.a(lib_a-mallocr.o)
                0x08005a30                _malloc_r
 .text          0x08005fa0      0x134 c:/program files (x86)/gnu tools arm embedded/5.2 2015q4/bin/../lib/gcc/arm-none-eabi/5.2.1/../../../../arm-none-eabi/lib/armv7e-m\libg.a(lib_a-memcpy.o)
                0x08005fa0                memcpy
 .text.__malloc_lock
                0x080060d4        0x4 c:/program files (x86)/gnu tools arm embedded/5.2 2015q4/bin/../lib/gcc/arm-none-eabi/5.2.1/../../../../arm-none-eabi/lib/armv7e-m\libg.a(lib_a-mlock.o)
                0x080060d4                __malloc_lock
 .text.__malloc_unlock
                0x080060d8        0x4 c:/program files (x86)/gnu tools arm embedded/5.2 2015q4/bin/../lib/gcc/arm-none-eabi/5.2.1/../../../../arm-none-eabi/lib/armv7e-m\libg.a(lib_a-mlock.o)
                0x080060d8                __malloc_unlock
 .text._sbrk_r  0x080060dc       0x24 c:/program files (x86)/gnu tools arm embedded/5.2 2015q4/bin/../lib/gcc/arm-none-eabi/5.2.1/../../../../arm-none-eabi/lib/armv7e-m\libg.a(lib_a-sbrkr.o)
                0x080060dc                _sbrk_r
 .text._malloc_trim_r
                0x08006100       0x9c c:/program files (x86)/gnu tools arm embedded/5.2 2015q4/bin/../lib/gcc/arm-none-eabi/5.2.1/../../../../arm-none-eabi/lib/armv7e-m\libg.a(lib_a-freer.o)
                0x08006100                _malloc_trim_r
 .text._free_r  0x0800619c      0x1d0 c:/program files (x86)/gnu tools arm embedded/5.2 2015q4/bin/../lib/gcc/arm-none-eabi/5.2.1/../../../../arm-none-eabi/lib/armv7e-m\libg.a(lib_a-freer.o)
                0x0800619c                _free_r
 *(.init)
 *(.fini)
 *crtbegin.o(.ctors)
 *crtbegin?.o(.ctors)
 *(EXCLUDE_FILE(*crtend.o *crtend?.o) .ctors)
 *(SORT(.ctors.*))
 *(.ctors)
 *crtbegin.o(.dtors)
 *crtbegin?.o(.dtors)
 *(EXCLUDE_FILE(*crtend.o *crtend?.o) .dtors)
 *(SORT(.dtors.*))
 *(.dtors)
 *(.rodata*)
 .rodata        0x0800636c      0x4c0 ..\obj\unicode.o
 .rodata        0x0800682c       0x10 ..\obj\main.o
 .rodata        0x0800683c      0x17e ..\obj\ff.o
 *fill*         0x080069ba        0x2 
 .rodata.str1.4
                0x080069bc        0x4 c:/program files (x86)/gnu tools arm embedded/5.2 2015q4/bin/../lib/gcc/arm-none-eabi/5.2.1/../../../../arm-none-eabi/lib/armv7e-m\libg.a(lib_a-impure.o)
                                  0x2 (size before relaxing)
 *(.eh_fram e*)

.glue_7         0x080069c0        0x0
 .glue_7        0x080069c0        0x0 linker stubs

.glue_7t        0x080069c0        0x0
 .glue_7t       0x080069c0        0x0 linker stubs

.vfp11_veneer   0x080069c0        0x0
 .vfp11_veneer  0x080069c0        0x0 linker stubs

.v4_bx          0x080069c0        0x0
 .v4_bx         0x080069c0        0x0 linker stubs

.iplt           0x080069c0        0x0
 .iplt          0x080069c0        0x0 ..\obj\tm_stm32f4_fatfs.o

.rel.dyn        0x080069c0        0x0
 .rel.iplt      0x080069c0        0x0 ..\obj\tm_stm32f4_fatfs.o

.ARM.extab
 *(.ARM.extab* .gnu.linkonce.armextab.*)
                0x080069c0                __exidx_start = .

.ARM.exidx
 *(.ARM.exidx* .gnu.linkonce.armexidx.*)
                0x080069c0                __exidx_end = .
                0x080069c0                __etext = .
                0x080069c0                _sidata = __etext

.data           0x20000000      0x90c load address 0x080069c0
                0x20000000                __data_start__ = .
                0x20000000                _sdata = __data_start__
 *(vtable)
 *(.data*)
 .data          0x20000000       0xb4 ..\obj\diskio.o
                0x20000000                FATFS_LowLevelDrivers
 .data          0x200000b4        0x1 ..\obj\fatfs_sd_sdio.o
 *fill*         0x200000b5        0x3 
 .data          0x200000b8       0x14 ..\obj\system_stm32f4xx.o
                0x200000b8                SystemCoreClock
                0x200000bc                AHBPrescTable
 .data.__malloc_av_
                0x200000cc      0x408 c:/program files (x86)/gnu tools arm embedded/5.2 2015q4/bin/../lib/gcc/arm-none-eabi/5.2.1/../../../../arm-none-eabi/lib/armv7e-m\libg.a(lib_a-mallocr.o)
                0x200000cc                __malloc_av_
 .data.__malloc_trim_threshold
                0x200004d4        0x4 c:/program files (x86)/gnu tools arm embedded/5.2 2015q4/bin/../lib/gcc/arm-none-eabi/5.2.1/../../../../arm-none-eabi/lib/armv7e-m\libg.a(lib_a-mallocr.o)
                0x200004d4                __malloc_trim_threshold
 .data.__malloc_sbrk_base
                0x200004d8        0x4 c:/program files (x86)/gnu tools arm embedded/5.2 2015q4/bin/../lib/gcc/arm-none-eabi/5.2.1/../../../../arm-none-eabi/lib/armv7e-m\libg.a(lib_a-mallocr.o)
                0x200004d8                __malloc_sbrk_base
 *fill*         0x200004dc        0x4 
 .data.impure_data
                0x200004e0      0x428 c:/program files (x86)/gnu tools arm embedded/5.2 2015q4/bin/../lib/gcc/arm-none-eabi/5.2.1/../../../../arm-none-eabi/lib/armv7e-m\libg.a(lib_a-impure.o)
 .data._impure_ptr
                0x20000908        0x4 c:/program files (x86)/gnu tools arm embedded/5.2 2015q4/bin/../lib/gcc/arm-none-eabi/5.2.1/../../../../arm-none-eabi/lib/armv7e-m\libg.a(lib_a-impure.o)
                0x20000908                _impure_ptr
                0x2000090c                . = ALIGN (0x4)
                [!provide]                PROVIDE (__preinit_array_start, .)
 *(.preinit_array)
                [!provide]                PROVIDE (__preinit_array_end, .)
                0x2000090c                . = ALIGN (0x4)
                [!provide]                PROVIDE (__init_array_start, .)
 *(SORT(.init_array.*))
 *(.init_array)
                [!provide]                PROVIDE (__init_array_end, .)
                0x2000090c                . = ALIGN (0x4)
                [!provide]                PROVIDE (__fini_array_start, .)
 *(SORT(.fini_array.*))
 *(.fini_array)
                [!provide]                PROVIDE (__fini_array_end, .)
 *(.jcr*)
                0x2000090c                . = ALIGN (0x4)
                0x2000090c                __data_end__ = .
                0x2000090c                _edata = __data_end__

.igot.plt       0x2000090c        0x0 load address 0x080072cc
 .igot.plt      0x2000090c        0x0 ..\obj\tm_stm32f4_fatfs.o

.bss            0x20000910      0x194 load address 0x080072d0
                0x20000910                . = ALIGN (0x4)
                0x20000910                __bss_start__ = .
                0x20000910                _sbss = __bss_start__
 *(.bss*)
 .bss           0x20000910       0x28 ..\obj\tm_stm32f4_delay.o
                0x20000910                TM_TimingDelay
                0x20000914                TM_Time
                0x20000918                TM_Time2
                0x2000091c                TM_DELAY_Initialized
 .bss           0x20000938       0x48 ..\obj\fatfs_sd_sdio.o
                0x20000970                StopCondition
                0x20000974                TransferError
                0x20000978                TransferEnd
                0x2000097c                DMAEndOfTransfer
 .bss           0x20000980        0x4 ..\obj\syscalls.o
 .bss           0x20000984       0x27 ..\obj\ff.o
 *fill*         0x200009ab        0x1 
 .bss           0x200009ac       0x16 ..\obj\tm_stm32f4_gpio.o
 *fill*         0x200009c2        0x2 
 .bss.__malloc_max_total_mem
                0x200009c4        0x4 c:/program files (x86)/gnu tools arm embedded/5.2 2015q4/bin/../lib/gcc/arm-none-eabi/5.2.1/../../../../arm-none-eabi/lib/armv7e-m\libg.a(lib_a-mallocr.o)
                0x200009c4                __malloc_max_total_mem
 .bss.__malloc_max_sbrked_mem
                0x200009c8        0x4 c:/program files (x86)/gnu tools arm embedded/5.2 2015q4/bin/../lib/gcc/arm-none-eabi/5.2.1/../../../../arm-none-eabi/lib/armv7e-m\libg.a(lib_a-mallocr.o)
                0x200009c8                __malloc_max_sbrked_mem
 .bss.__malloc_top_pad
                0x200009cc        0x4 c:/program files (x86)/gnu tools arm embedded/5.2 2015q4/bin/../lib/gcc/arm-none-eabi/5.2.1/../../../../arm-none-eabi/lib/armv7e-m\libg.a(lib_a-mallocr.o)
                0x200009cc                __malloc_top_pad
 .bss.__malloc_current_mallinfo
                0x200009d0       0x28 c:/program files (x86)/gnu tools arm embedded/5.2 2015q4/bin/../lib/gcc/arm-none-eabi/5.2.1/../../../../arm-none-eabi/lib/armv7e-m\libg.a(lib_a-mallocr.o)
                0x200009d0                __malloc_current_mallinfo
 *(COMMON)
 COMMON         0x200009f8        0x4 ..\obj\tm_stm32f4_delay.o
                0x200009f8                mult
 *fill*         0x200009fc        0x4 
 COMMON         0x20000a00       0xa0 ..\obj\fatfs_sd_sdio.o
                0x20000a00                SDIO_CmdInitStructure
                0x20000a18                SDCardInfo
                0x20000a70                SDIO_InitStructure
                0x20000a88                SDIO_DataInitStructure
 COMMON         0x20000aa0        0x4 c:/program files (x86)/gnu tools arm embedded/5.2 2015q4/bin/../lib/gcc/arm-none-eabi/5.2.1/../../../../arm-none-eabi/lib/armv7e-m\libg.a(lib_a-reent.o)
                0x20000aa0                errno
                0x20000aa4                . = ALIGN (0x4)
                0x20000aa4                __bss_end__ = .
                0x20000aa4                _ebss = __bss_end__

.heap           0x20000aa4        0x0
                0x20000aa4                __end__ = .
                0x20000aa4                _end = __end__
                0x20000aa4                end = __end__
 *(.heap*)
                0x20000aa4                __HeapLimit = .

.co_stack       0x20000aa4      0x804 load address 0x08007464
                0x20000aa8                . = ALIGN (0x8)
 *fill*         0x20000aa4        0x4 
 *(.co_stack .co_stack.*)
 .co_stack      0x20000aa8      0x800 ..\obj\startup_stm32f4xx.o
                0x20000aa8                pulStack
                0x20020000                __StackTop = (ORIGIN (ram) + LENGTH (ram))
                0x2001f7fc                __StackLimit = (__StackTop - SIZEOF (.co_stack))
                [!provide]                PROVIDE (__stack, __StackTop)
                0x00000001                ASSERT ((__StackLimit >= __HeapLimit), region ram  overflowed with stack)
LOAD ..\obj\tm_stm32f4_fatfs.o
LOAD ..\obj\unicode.o
LOAD ..\obj\stm32f4xx_sdio.o
LOAD ..\obj\tm_stm32f4_disco.o
LOAD ..\obj\diskio.o
LOAD ..\obj\startup_stm32f4xx.o
LOAD ..\obj\main.o
LOAD ..\obj\stm32f4xx_rcc.o
LOAD ..\obj\tm_stm32f4_delay.o
LOAD ..\obj\syscall.o
LOAD ..\obj\fatfs_sd_sdio.o
LOAD ..\obj\stm32f4xx_gpio.o
LOAD ..\obj\system_stm32f4xx.o
LOAD ..\obj\syscalls.o
LOAD ..\obj\stm32f4xx_dma.o
LOAD ..\obj\ff.o
LOAD ..\obj\stm32f4xx_spi.o
LOAD ..\obj\stm32f4xx_i2c.o
LOAD ..\obj\stm32f4xx_exti.o
LOAD ..\obj\misc.o
LOAD ..\obj\tm_stm32f4_gpio.o
START GROUP
LOAD c:/program files (x86)/gnu tools arm embedded/5.2 2015q4/bin/../lib/gcc/arm-none-eabi/5.2.1/armv7e-m\libgcc.a
LOAD c:/program files (x86)/gnu tools arm embedded/5.2 2015q4/bin/../lib/gcc/arm-none-eabi/5.2.1/../../../../arm-none-eabi/lib/armv7e-m\libg.a
LOAD c:/program files (x86)/gnu tools arm embedded/5.2 2015q4/bin/../lib/gcc/arm-none-eabi/5.2.1/../../../../arm-none-eabi/lib/armv7e-m\libc.a
END GROUP
OUTPUT(wavPlayerv2.elf elf32-littlearm)

.debug_info     0x00000000     0xa097
 .debug_info    0x00000000      0x89d ..\obj\tm_stm32f4_fatfs.o
 .debug_info    0x0000089d      0x159 ..\obj\unicode.o
 .debug_info    0x000009f6      0x7fd ..\obj\stm32f4xx_sdio.o
 .debug_info    0x000011f3      0x273 ..\obj\tm_stm32f4_disco.o
 .debug_info    0x00001466      0x8b5 ..\obj\diskio.o
 .debug_info    0x00001d1b       0xed ..\obj\startup_stm32f4xx.o
 .debug_info    0x00001e08      0x9fa ..\obj\main.o
 .debug_info    0x00002802      0xc59 ..\obj\stm32f4xx_rcc.o
 .debug_info    0x0000345b      0xa0f ..\obj\tm_stm32f4_delay.o
 .debug_info    0x00003e6a       0xd2 ..\obj\syscall.o
 .debug_info    0x00003f3c     0x1d7c ..\obj\fatfs_sd_sdio.o
 .debug_info    0x00005cb8      0x596 ..\obj\system_stm32f4xx.o
 .debug_info    0x0000624e      0x3f5 ..\obj\syscalls.o
 .debug_info    0x00006643      0x741 ..\obj\stm32f4xx_dma.o
 .debug_info    0x00006d84     0x25a5 ..\obj\ff.o
 .debug_info    0x00009329      0x541 ..\obj\misc.o
 .debug_info    0x0000986a      0x82d ..\obj\tm_stm32f4_gpio.o

.debug_abbrev   0x00000000     0x186c
 .debug_abbrev  0x00000000      0x18e ..\obj\tm_stm32f4_fatfs.o
 .debug_abbrev  0x0000018e       0x97 ..\obj\unicode.o
 .debug_abbrev  0x00000225      0x179 ..\obj\stm32f4xx_sdio.o
 .debug_abbrev  0x0000039e       0xf0 ..\obj\tm_stm32f4_disco.o
 .debug_abbrev  0x0000048e      0x1ab ..\obj\diskio.o
 .debug_abbrev  0x00000639       0xb0 ..\obj\startup_stm32f4xx.o
 .debug_abbrev  0x000006e9      0x1c1 ..\obj\main.o
 .debug_abbrev  0x000008aa      0x1e5 ..\obj\stm32f4xx_rcc.o
 .debug_abbrev  0x00000a8f      0x2cf ..\obj\tm_stm32f4_delay.o
 .debug_abbrev  0x00000d5e       0x7f ..\obj\syscall.o
 .debug_abbrev  0x00000ddd      0x287 ..\obj\fatfs_sd_sdio.o
 .debug_abbrev  0x00001064      0x138 ..\obj\system_stm32f4xx.o
 .debug_abbrev  0x0000119c       0xe5 ..\obj\syscalls.o
 .debug_abbrev  0x00001281      0x157 ..\obj\stm32f4xx_dma.o
 .debug_abbrev  0x000013d8      0x1fc ..\obj\ff.o
 .debug_abbrev  0x000015d4      0x147 ..\obj\misc.o
 .debug_abbrev  0x0000171b      0x151 ..\obj\tm_stm32f4_gpio.o

.debug_aranges  0x00000000      0xb48
 .debug_aranges
                0x00000000       0x58 ..\obj\tm_stm32f4_fatfs.o
 .debug_aranges
                0x00000058       0x28 ..\obj\unicode.o
 .debug_aranges
                0x00000080      0x108 ..\obj\stm32f4xx_sdio.o
 .debug_aranges
                0x00000188       0x38 ..\obj\tm_stm32f4_disco.o
 .debug_aranges
                0x000001c0      0x118 ..\obj\diskio.o
 .debug_aranges
                0x000002d8       0x28 ..\obj\startup_stm32f4xx.o
 .debug_aranges
                0x00000300       0x40 ..\obj\main.o
 .debug_aranges
                0x00000340      0x178 ..\obj\stm32f4xx_rcc.o
 .debug_aranges
                0x000004b8       0x80 ..\obj\tm_stm32f4_delay.o
 .debug_aranges
                0x00000538       0x28 ..\obj\syscall.o
 .debug_aranges
                0x00000560      0x1a8 ..\obj\fatfs_sd_sdio.o
 .debug_aranges
                0x00000708       0x30 ..\obj\system_stm32f4xx.o
 .debug_aranges
                0x00000738       0x60 ..\obj\syscalls.o
 .debug_aranges
                0x00000798       0xb0 ..\obj\stm32f4xx_dma.o
 .debug_aranges
                0x00000848      0x228 ..\obj\ff.o
 .debug_aranges
                0x00000a70       0x40 ..\obj\misc.o
 .debug_aranges
                0x00000ab0       0x98 ..\obj\tm_stm32f4_gpio.o

.debug_ranges   0x00000000      0xa38
 .debug_ranges  0x00000000       0x48 ..\obj\tm_stm32f4_fatfs.o
 .debug_ranges  0x00000048       0x18 ..\obj\unicode.o
 .debug_ranges  0x00000060       0xf8 ..\obj\stm32f4xx_sdio.o
 .debug_ranges  0x00000158       0x28 ..\obj\tm_stm32f4_disco.o
 .debug_ranges  0x00000180      0x108 ..\obj\diskio.o
 .debug_ranges  0x00000288       0x18 ..\obj\startup_stm32f4xx.o
 .debug_ranges  0x000002a0       0x30 ..\obj\main.o
 .debug_ranges  0x000002d0      0x168 ..\obj\stm32f4xx_rcc.o
 .debug_ranges  0x00000438       0x70 ..\obj\tm_stm32f4_delay.o
 .debug_ranges  0x000004a8       0x18 ..\obj\syscall.o
 .debug_ranges  0x000004c0      0x198 ..\obj\fatfs_sd_sdio.o
 .debug_ranges  0x00000658       0x20 ..\obj\system_stm32f4xx.o
 .debug_ranges  0x00000678       0x50 ..\obj\syscalls.o
 .debug_ranges  0x000006c8       0xa0 ..\obj\stm32f4xx_dma.o
 .debug_ranges  0x00000768      0x218 ..\obj\ff.o
 .debug_ranges  0x00000980       0x30 ..\obj\misc.o
 .debug_ranges  0x000009b0       0x88 ..\obj\tm_stm32f4_gpio.o

.debug_line     0x00000000     0x5087
 .debug_line    0x00000000      0x325 ..\obj\tm_stm32f4_fatfs.o
 .debug_line    0x00000325      0x11e ..\obj\unicode.o
 .debug_line    0x00000443      0x451 ..\obj\stm32f4xx_sdio.o
 .debug_line    0x00000894      0x236 ..\obj\tm_stm32f4_disco.o
 .debug_line    0x00000aca      0x454 ..\obj\diskio.o
 .debug_line    0x00000f1e       0x9f ..\obj\startup_stm32f4xx.o
 .debug_line    0x00000fbd      0x40f ..\obj\main.o
 .debug_line    0x000013cc      0x5bd ..\obj\stm32f4xx_rcc.o
 .debug_line    0x00001989      0x385 ..\obj\tm_stm32f4_delay.o
 .debug_line    0x00001d0e       0xd8 ..\obj\syscall.o
 .debug_line    0x00001de6      0xd02 ..\obj\fatfs_sd_sdio.o
 .debug_line    0x00002ae8      0x1fe ..\obj\system_stm32f4xx.o
 .debug_line    0x00002ce6      0x184 ..\obj\syscalls.o
 .debug_line    0x00002e6a      0x442 ..\obj\stm32f4xx_dma.o
 .debug_line    0x000032ac     0x17f2 ..\obj\ff.o
 .debug_line    0x00004a9e      0x256 ..\obj\misc.o
 .debug_line    0x00004cf4      0x393 ..\obj\tm_stm32f4_gpio.o

.debug_str      0x00000000     0x3bea
 .debug_str     0x00000000      0x53e ..\obj\tm_stm32f4_fatfs.o
                                0x5e6 (size before relaxing)
 .debug_str     0x0000053e       0x77 ..\obj\unicode.o
                                0x15f (size before relaxing)
 .debug_str     0x000005b5      0x4cc ..\obj\stm32f4xx_sdio.o
                                0x63e (size before relaxing)
 .debug_str     0x00000a81      0x1c7 ..\obj\tm_stm32f4_disco.o
                                0x329 (size before relaxing)
 .debug_str     0x00000c48      0x3ec ..\obj\diskio.o
                                0x5e5 (size before relaxing)
 .debug_str     0x00001034       0xae ..\obj\startup_stm32f4xx.o
                                0x145 (size before relaxing)
 .debug_str     0x000010e2      0x36d ..\obj\main.o
                                0x81a (size before relaxing)
 .debug_str     0x0000144f      0x62d ..\obj\stm32f4xx_rcc.o
                                0x84e (size before relaxing)
 .debug_str     0x00001a7c      0x7c5 ..\obj\tm_stm32f4_delay.o
                                0x9d1 (size before relaxing)
 .debug_str     0x00002241       0x70 ..\obj\syscall.o
                                0x18f (size before relaxing)
 .debug_str     0x000022b1      0xe1d ..\obj\fatfs_sd_sdio.o
                               0x19e4 (size before relaxing)
 .debug_str     0x000030ce       0xb2 ..\obj\system_stm32f4xx.o
                                0x3a8 (size before relaxing)
 .debug_str     0x00003180      0x141 ..\obj\syscalls.o
                                0x2de (size before relaxing)
 .debug_str     0x000032c1      0x24a ..\obj\stm32f4xx_dma.o
                                0x540 (size before relaxing)
 .debug_str     0x0000350b      0x3d7 ..\obj\ff.o
                                0x7af (size before relaxing)
 .debug_str     0x000038e2      0x111 ..\obj\misc.o
                                0x3cc (size before relaxing)
 .debug_str     0x000039f3      0x1f7 ..\obj\tm_stm32f4_gpio.o
                                0x5b1 (size before relaxing)

.comment        0x00000000       0x6e
 .comment       0x00000000       0x6e ..\obj\tm_stm32f4_fatfs.o
                                 0x6f (size before relaxing)
 .comment       0x0000006e       0x6f ..\obj\unicode.o
 .comment       0x0000006e       0x6f ..\obj\stm32f4xx_sdio.o
 .comment       0x0000006e       0x6f ..\obj\tm_stm32f4_disco.o
 .comment       0x0000006e       0x6f ..\obj\diskio.o
 .comment       0x0000006e       0x6f ..\obj\startup_stm32f4xx.o
 .comment       0x0000006e       0x6f ..\obj\main.o
 .comment       0x0000006e       0x6f ..\obj\stm32f4xx_rcc.o
 .comment       0x0000006e       0x6f ..\obj\tm_stm32f4_delay.o
 .comment       0x0000006e       0x6f ..\obj\syscall.o
 .comment       0x0000006e       0x6f ..\obj\fatfs_sd_sdio.o
 .comment       0x0000006e       0x6f ..\obj\system_stm32f4xx.o
 .comment       0x0000006e       0x6f ..\obj\syscalls.o
 .comment       0x0000006e       0x6f ..\obj\stm32f4xx_dma.o
 .comment       0x0000006e       0x6f ..\obj\ff.o
 .comment       0x0000006e       0x6f ..\obj\misc.o
 .comment       0x0000006e       0x6f ..\obj\tm_stm32f4_gpio.o

.ARM.attributes
                0x00000000       0x31
 .ARM.attributes
                0x00000000       0x33 ..\obj\tm_stm32f4_fatfs.o
 .ARM.attributes
                0x00000033       0x33 ..\obj\unicode.o
 .ARM.attributes
                0x00000066       0x33 ..\obj\stm32f4xx_sdio.o
 .ARM.attributes
                0x00000099       0x33 ..\obj\tm_stm32f4_disco.o
 .ARM.attributes
                0x000000cc       0x33 ..\obj\diskio.o
 .ARM.attributes
                0x000000ff       0x33 ..\obj\startup_stm32f4xx.o
 .ARM.attributes
                0x00000132       0x33 ..\obj\main.o
 .ARM.attributes
                0x00000165       0x33 ..\obj\stm32f4xx_rcc.o
 .ARM.attributes
                0x00000198       0x33 ..\obj\tm_stm32f4_delay.o
 .ARM.attributes
                0x000001cb       0x33 ..\obj\syscall.o
 .ARM.attributes
                0x000001fe       0x33 ..\obj\fatfs_sd_sdio.o
 .ARM.attributes
                0x00000231       0x33 ..\obj\system_stm32f4xx.o
 .ARM.attributes
                0x00000264       0x33 ..\obj\syscalls.o
 .ARM.attributes
                0x00000297       0x33 ..\obj\stm32f4xx_dma.o
 .ARM.attributes
                0x000002ca       0x33 ..\obj\ff.o
 .ARM.attributes
                0x000002fd       0x33 ..\obj\misc.o
 .ARM.attributes
                0x00000330       0x33 ..\obj\tm_stm32f4_gpio.o
 .ARM.attributes
                0x00000363       0x2e c:/program files (x86)/gnu tools arm embedded/5.2 2015q4/bin/../lib/gcc/arm-none-eabi/5.2.1/../../../../arm-none-eabi/lib/armv7e-m\libg.a(lib_a-malloc.o)
 .ARM.attributes
                0x00000391       0x2e c:/program files (x86)/gnu tools arm embedded/5.2 2015q4/bin/../lib/gcc/arm-none-eabi/5.2.1/../../../../arm-none-eabi/lib/armv7e-m\libg.a(lib_a-mallocr.o)
 .ARM.attributes
                0x000003bf       0x1c c:/program files (x86)/gnu tools arm embedded/5.2 2015q4/bin/../lib/gcc/arm-none-eabi/5.2.1/../../../../arm-none-eabi/lib/armv7e-m\libg.a(lib_a-memcpy.o)
 .ARM.attributes
                0x000003db       0x2e c:/program files (x86)/gnu tools arm embedded/5.2 2015q4/bin/../lib/gcc/arm-none-eabi/5.2.1/../../../../arm-none-eabi/lib/armv7e-m\libg.a(lib_a-mlock.o)
 .ARM.attributes
                0x00000409       0x2e c:/program files (x86)/gnu tools arm embedded/5.2 2015q4/bin/../lib/gcc/arm-none-eabi/5.2.1/../../../../arm-none-eabi/lib/armv7e-m\libg.a(lib_a-sbrkr.o)
 .ARM.attributes
                0x00000437       0x2e c:/program files (x86)/gnu tools arm embedded/5.2 2015q4/bin/../lib/gcc/arm-none-eabi/5.2.1/../../../../arm-none-eabi/lib/armv7e-m\libg.a(lib_a-freer.o)
 .ARM.attributes
                0x00000465       0x2e c:/program files (x86)/gnu tools arm embedded/5.2 2015q4/bin/../lib/gcc/arm-none-eabi/5.2.1/../../../../arm-none-eabi/lib/armv7e-m\libg.a(lib_a-impure.o)
 .ARM.attributes
                0x00000493       0x2e c:/program files (x86)/gnu tools arm embedded/5.2 2015q4/bin/../lib/gcc/arm-none-eabi/5.2.1/../../../../arm-none-eabi/lib/armv7e-m\libg.a(lib_a-reent.o)

.debug_frame    0x00000000     0x3098
 .debug_frame   0x00000000      0x140 ..\obj\tm_stm32f4_fatfs.o
 .debug_frame   0x00000140       0x60 ..\obj\unicode.o
 .debug_frame   0x000001a0      0x48c ..\obj\stm32f4xx_sdio.o
 .debug_frame   0x0000062c       0x98 ..\obj\tm_stm32f4_disco.o
 .debug_frame   0x000006c4      0x4a4 ..\obj\diskio.o
 .debug_frame   0x00000b68       0x4c ..\obj\startup_stm32f4xx.o
 .debug_frame   0x00000bb4       0xc0 ..\obj\main.o
 .debug_frame   0x00000c74      0x6d4 ..\obj\stm32f4xx_rcc.o
 .debug_frame   0x00001348      0x1ec ..\obj\tm_stm32f4_delay.o
 .debug_frame   0x00001534       0x58 ..\obj\syscall.o
 .debug_frame   0x0000158c      0x73c ..\obj\fatfs_sd_sdio.o
 .debug_frame   0x00001cc8       0x7c ..\obj\system_stm32f4xx.o
 .debug_frame   0x00001d44      0x168 ..\obj\syscalls.o
 .debug_frame   0x00001eac      0x308 ..\obj\stm32f4xx_dma.o
 .debug_frame   0x000021b4      0x9e8 ..\obj\ff.o
 .debug_frame   0x00002b9c       0xd8 ..\obj\misc.o
 .debug_frame   0x00002c74      0x274 ..\obj\tm_stm32f4_gpio.o
 .debug_frame   0x00002ee8       0x30 c:/program files (x86)/gnu tools arm embedded/5.2 2015q4/bin/../lib/gcc/arm-none-eabi/5.2.1/../../../../arm-none-eabi/lib/armv7e-m\libg.a(lib_a-malloc.o)
 .debug_frame   0x00002f18       0x58 c:/program files (x86)/gnu tools arm embedded/5.2 2015q4/bin/../lib/gcc/arm-none-eabi/5.2.1/../../../../arm-none-eabi/lib/armv7e-m\libg.a(lib_a-mallocr.o)
 .debug_frame   0x00002f70       0x30 c:/program files (x86)/gnu tools arm embedded/5.2 2015q4/bin/../lib/gcc/arm-none-eabi/5.2.1/../../../../arm-none-eabi/lib/armv7e-m\libg.a(lib_a-mlock.o)
 .debug_frame   0x00002fa0       0x2c c:/program files (x86)/gnu tools arm embedded/5.2 2015q4/bin/../lib/gcc/arm-none-eabi/5.2.1/../../../../arm-none-eabi/lib/armv7e-m\libg.a(lib_a-sbrkr.o)
 .debug_frame   0x00002fcc       0x74 c:/program files (x86)/gnu tools arm embedded/5.2 2015q4/bin/../lib/gcc/arm-none-eabi/5.2.1/../../../../arm-none-eabi/lib/armv7e-m\libg.a(lib_a-freer.o)
 .debug_frame   0x00003040       0x58 c:/program files (x86)/gnu tools arm embedded/5.2 2015q4/bin/../lib/gcc/arm-none-eabi/5.2.1/../../../../arm-none-eabi/lib/armv7e-m\libg.a(lib_a-reent.o)
